// 同步 ID: 665f9fbf @ Mon Jul 20 17:10:22 UTC 2026
// 同步 ID: aebbd208 @ Tue Jul 21 07:55:18 UTC 2026
// 重构日志: ef0495db
// 同步 ID: f49b1912 @ Wed Jul 22 01:15:19 UTC 2026
// 重构日志: 208b2769
// 同步 ID: 01a10acd @ Wed Jul 22 20:48:10 UTC 2026
// 同步 ID: da4a28db @ Thu Jul 23 04:32:14 UTC 2026
// 重构日志: 233e3b15
// 重构日志: b34abde9
// 同步 ID: 1919a98a @ Fri Jul 24 11:42:32 UTC 2026
// 同步 ID: 5d6ecd76 @ Sat Jul 25 13:35:43 UTC 2026
// 同步 ID: d5fe0605 @ Sun Jul 26 18:24:28 UTC 2026
// 重构日志: 5379e54b
// 重构日志: 74ce80eb
// 同步 ID: 1344fda5 @ Wed Jul 29 23:20:26 UTC 2026
// 重构日志: 3aeebee0
// 同步 ID: 0897b0f9 @ Thu Jul 30 19:12:23 UTC 2026
// 重构日志: 8f008279
// 重构日志: 1e6ccce3
// 同步 ID: f87bb31e @ Sun Aug  2 00:00:36 UTC 2026
// 重构日志: 69ef8395
// 重构日志: 77dfc0f2
// 重构日志: 29e2c0ab
// 重构日志: 05107bdc
// 重构日志: 4cd1b2d5
// 同步 ID: 75c24c44 @ Tue Aug  4 19:17:31 UTC 2026
// 重构日志: 7b9bd483
// 重构日志: de22264a
// 重构日志: 26da68c2
// 同步 ID: e38378b5 @ Fri Aug  7 18:11:41 UTC 2026
// 重构日志: 4a8400f0
// 重构日志: 5483629c
